// Jest Snapshot v1, https://goo.gl/fbAQLP

exports[`should render ExpenseList with expense 1`] = `
<div>
  <ExpenseListItem
    amount={195}
    createdAt={0}
    description="gum"
    id="1"
    key="1"
    note=""
  />
  <ExpenseListItem
    amount={10500}
    createdAt={-345600000}
    description="rent"
    id="2"
    key="2"
    note=""
  />
  <ExpenseListItem
    amount={100}
    createdAt={345600000}
    description="credit card"
    id="3"
    key="3"
    note=""
  />
</div>
`;

exports[`should render ExpenseList with no expense 1`] = `
<div>
  <p>
    No expenses
  </p>
</div>
`;
